2026-08-16T11:56:44.252413Z  INFO tailwindcss_oxide::scanner: Provided sources:
2026-08-16T11:56:44.253136Z  INFO tailwindcss_oxide::scanner: Source: PublicSourceEntry { base: "C:\\Users\\admin\\Downloads\\lumina-aesthetics-website-development (1)", pattern: "**/*", negated: false }
2026-08-16T11:56:44.253996Z  INFO tailwindcss_oxide::scanner: Optimized sources:
2026-08-16T11:56:44.254059Z  INFO tailwindcss_oxide::scanner: Source: Auto { base: "C:\\Users\\admin\\Downloads\\lumina-aesthetics-website-development (1)" }
2026-08-16T11:56:44.256114Z  INFO scan_sources: tailwindcss_oxide::scanner: enter
2026-08-16T11:56:44.258423Z  INFO scan_sources: tailwindcss_oxide::scanner: Discovering "C:\\Users\\admin\\Downloads\\lumina-aesthetics-website-development (1)\\drizzle.config.json"
2026-08-16T11:56:44.258537Z  INFO scan_sources: tailwindcss_oxide::scanner: Discovering "C:\\Users\\admin\\Downloads\\lumina-aesthetics-website-development (1)\\eslint.config.mjs"
2026-08-16T11:56:44.258622Z  INFO scan_sources: tailwindcss_oxide::scanner: Discovering "C:\\Users\\admin\\Downloads\\lumina-aesthetics-website-development (1)\\netlify.toml"
2026-08-16T11:56:44.258707Z  INFO scan_sources: tailwindcss_oxide::scanner: Discovering "C:\\Users\\admin\\Downloads\\lumina-aesthetics-website-development (1)\\next.config.ts"
2026-08-16T11:56:44.258966Z  INFO scan_sources: tailwindcss_oxide::scanner: Discovering "C:\\Users\\admin\\Downloads\\lumina-aesthetics-website-development (1)\\package.json"
2026-08-16T11:56:44.259053Z  INFO scan_sources: tailwindcss_oxide::scanner: Discovering "C:\\Users\\admin\\Downloads\\lumina-aesthetics-website-development (1)\\postcss.config.mjs"
2026-08-16T11:56:44.259185Z  INFO scan_sources: tailwindcss_oxide::scanner: Discovering "C:\\Users\\admin\\Downloads\\lumina-aesthetics-website-development (1)\\public"
2026-08-16T11:56:44.259590Z  INFO scan_sources: tailwindcss_oxide::scanner: Discovering "C:\\Users\\admin\\Downloads\\lumina-aesthetics-website-development (1)\\public\\reference"
2026-08-16T11:56:44.260125Z  INFO scan_sources: tailwindcss_oxide::scanner: Discovering "C:\\Users\\admin\\Downloads\\lumina-aesthetics-website-development (1)\\src"
2026-08-16T11:56:44.260412Z  INFO scan_sources: tailwindcss_oxide::scanner: Discovering "C:\\Users\\admin\\Downloads\\lumina-aesthetics-website-development (1)\\src\\app"
2026-08-16T11:56:44.260591Z  INFO scan_sources: tailwindcss_oxide::scanner: Discovering "C:\\Users\\admin\\Downloads\\lumina-aesthetics-website-development (1)\\src\\app\\api"
2026-08-16T11:56:44.260775Z  INFO scan_sources: tailwindcss_oxide::scanner: Discovering "C:\\Users\\admin\\Downloads\\lumina-aesthetics-website-development (1)\\src\\app\\api\\bookings"
2026-08-16T11:56:44.260924Z  INFO scan_sources: tailwindcss_oxide::scanner: Discovering "C:\\Users\\admin\\Downloads\\lumina-aesthetics-website-development (1)\\src\\app\\api\\bookings\\route.ts"
2026-08-16T11:56:44.261065Z  INFO scan_sources: tailwindcss_oxide::scanner: Discovering "C:\\Users\\admin\\Downloads\\lumina-aesthetics-website-development (1)\\src\\app\\api\\health"
2026-08-16T11:56:44.261206Z  INFO scan_sources: tailwindcss_oxide::scanner: Discovering "C:\\Users\\admin\\Downloads\\lumina-aesthetics-website-development (1)\\src\\app\\api\\health\\route.ts"
2026-08-16T11:56:44.261345Z  INFO scan_sources: tailwindcss_oxide::scanner: Discovering "C:\\Users\\admin\\Downloads\\lumina-aesthetics-website-development (1)\\src\\app\\api\\newsletter"
2026-08-16T11:56:44.261486Z  INFO scan_sources: tailwindcss_oxide::scanner: Discovering "C:\\Users\\admin\\Downloads\\lumina-aesthetics-website-development (1)\\src\\app\\api\\newsletter\\route.ts"
2026-08-16T11:56:44.261642Z  INFO scan_sources: tailwindcss_oxide::scanner: Discovering "C:\\Users\\admin\\Downloads\\lumina-aesthetics-website-development (1)\\src\\app\\blog"
2026-08-16T11:56:44.261786Z  INFO scan_sources: tailwindcss_oxide::scanner: Discovering "C:\\Users\\admin\\Downloads\\lumina-aesthetics-website-development (1)\\src\\app\\blog\\page.tsx"
2026-08-16T11:56:44.261888Z  INFO scan_sources: tailwindcss_oxide::scanner: Discovering "C:\\Users\\admin\\Downloads\\lumina-aesthetics-website-development (1)\\src\\app\\globals.css"
2026-08-16T11:56:44.262004Z  INFO scan_sources: tailwindcss_oxide::scanner: Discovering "C:\\Users\\admin\\Downloads\\lumina-aesthetics-website-development (1)\\src\\app\\layout.tsx"
2026-08-16T11:56:44.262090Z  INFO scan_sources: tailwindcss_oxide::scanner: Discovering "C:\\Users\\admin\\Downloads\\lumina-aesthetics-website-development (1)\\src\\app\\page.tsx"
2026-08-16T11:56:44.262232Z  INFO scan_sources: tailwindcss_oxide::scanner: Discovering "C:\\Users\\admin\\Downloads\\lumina-aesthetics-website-development (1)\\src\\components"
2026-08-16T11:56:44.262388Z  INFO scan_sources: tailwindcss_oxide::scanner: Discovering "C:\\Users\\admin\\Downloads\\lumina-aesthetics-website-development (1)\\src\\components\\ApproachSection.tsx"
2026-08-16T11:56:44.262467Z  INFO scan_sources: tailwindcss_oxide::scanner: Discovering "C:\\Users\\admin\\Downloads\\lumina-aesthetics-website-development (1)\\src\\components\\BookingModal.tsx"
2026-08-16T11:56:44.262539Z  INFO scan_sources: tailwindcss_oxide::scanner: Discovering "C:\\Users\\admin\\Downloads\\lumina-aesthetics-website-development (1)\\src\\components\\CookieBanner.tsx"
2026-08-16T11:56:44.262609Z  INFO scan_sources: tailwindcss_oxide::scanner: Discovering "C:\\Users\\admin\\Downloads\\lumina-aesthetics-website-development (1)\\src\\components\\FAQSection.tsx"
2026-08-16T11:56:44.262679Z  INFO scan_sources: tailwindcss_oxide::scanner: Discovering "C:\\Users\\admin\\Downloads\\lumina-aesthetics-website-development (1)\\src\\components\\Footer.tsx"
2026-08-16T11:56:44.262749Z  INFO scan_sources: tailwindcss_oxide::scanner: Discovering "C:\\Users\\admin\\Downloads\\lumina-aesthetics-website-development (1)\\src\\components\\Header.tsx"
2026-08-16T11:56:44.262822Z  INFO scan_sources: tailwindcss_oxide::scanner: Discovering "C:\\Users\\admin\\Downloads\\lumina-aesthetics-website-development (1)\\src\\components\\Hero.tsx"
2026-08-16T11:56:44.262891Z  INFO scan_sources: tailwindcss_oxide::scanner: Discovering "C:\\Users\\admin\\Downloads\\lumina-aesthetics-website-development (1)\\src\\components\\Journal.tsx"
2026-08-16T11:56:44.262960Z  INFO scan_sources: tailwindcss_oxide::scanner: Discovering "C:\\Users\\admin\\Downloads\\lumina-aesthetics-website-development (1)\\src\\components\\Programs.tsx"
2026-08-16T11:56:44.263030Z  INFO scan_sources: tailwindcss_oxide::scanner: Discovering "C:\\Users\\admin\\Downloads\\lumina-aesthetics-website-development (1)\\src\\components\\Providers.tsx"
2026-08-16T11:56:44.263098Z  INFO scan_sources: tailwindcss_oxide::scanner: Discovering "C:\\Users\\admin\\Downloads\\lumina-aesthetics-website-development (1)\\src\\components\\Results.tsx"
2026-08-16T11:56:44.263167Z  INFO scan_sources: tailwindcss_oxide::scanner: Discovering "C:\\Users\\admin\\Downloads\\lumina-aesthetics-website-development (1)\\src\\components\\Reveal.tsx"
2026-08-16T11:56:44.263236Z  INFO scan_sources: tailwindcss_oxide::scanner: Discovering "C:\\Users\\admin\\Downloads\\lumina-aesthetics-website-development (1)\\src\\components\\Reviews.tsx"
2026-08-16T11:56:44.263304Z  INFO scan_sources: tailwindcss_oxide::scanner: Discovering "C:\\Users\\admin\\Downloads\\lumina-aesthetics-website-development (1)\\src\\components\\ScreenshotCrop.tsx"
2026-08-16T11:56:44.263373Z  INFO scan_sources: tailwindcss_oxide::scanner: Discovering "C:\\Users\\admin\\Downloads\\lumina-aesthetics-website-development (1)\\src\\components\\Services.tsx"
2026-08-16T11:56:44.263445Z  INFO scan_sources: tailwindcss_oxide::scanner: Discovering "C:\\Users\\admin\\Downloads\\lumina-aesthetics-website-development (1)\\src\\components\\Specials.tsx"
2026-08-16T11:56:44.263583Z  INFO scan_sources: tailwindcss_oxide::scanner: Discovering "C:\\Users\\admin\\Downloads\\lumina-aesthetics-website-development (1)\\src\\db"
2026-08-16T11:56:44.263726Z  INFO scan_sources: tailwindcss_oxide::scanner: Discovering "C:\\Users\\admin\\Downloads\\lumina-aesthetics-website-development (1)\\src\\db\\demo-store.ts"
2026-08-16T11:56:44.263833Z  INFO scan_sources: tailwindcss_oxide::scanner: Discovering "C:\\Users\\admin\\Downloads\\lumina-aesthetics-website-development (1)\\src\\db\\index.ts"
2026-08-16T11:56:44.263907Z  INFO scan_sources: tailwindcss_oxide::scanner: Discovering "C:\\Users\\admin\\Downloads\\lumina-aesthetics-website-development (1)\\src\\db\\schema.ts"
2026-08-16T11:56:44.264045Z  INFO scan_sources: tailwindcss_oxide::scanner: Discovering "C:\\Users\\admin\\Downloads\\lumina-aesthetics-website-development (1)\\src\\lib"
2026-08-16T11:56:44.264199Z  INFO scan_sources: tailwindcss_oxide::scanner: Discovering "C:\\Users\\admin\\Downloads\\lumina-aesthetics-website-development (1)\\src\\lib\\booking-context.tsx"
2026-08-16T11:56:44.264273Z  INFO scan_sources: tailwindcss_oxide::scanner: Discovering "C:\\Users\\admin\\Downloads\\lumina-aesthetics-website-development (1)\\src\\lib\\booking-options.ts"
2026-08-16T11:56:44.264406Z  INFO scan_sources: tailwindcss_oxide::scanner: Discovering "C:\\Users\\admin\\Downloads\\lumina-aesthetics-website-development (1)\\tsconfig.json"
2026-08-16T11:56:44.264583Z  INFO scan_sources: tailwindcss_oxide::scanner: exit
2026-08-16T11:56:44.264598Z  INFO extract_candidates: tailwindcss_oxide::scanner: enter
2026-08-16T11:56:44.264606Z  INFO extract_candidates:read_all_files: tailwindcss_oxide::scanner: enter
2026-08-16T11:56:44.264610Z  INFO extract_candidates:read_all_files: tailwindcss_oxide::scanner: Reading 34 file(s)
2026-08-16T11:56:44.265234Z  INFO tailwindcss_oxide::scanner: Reading "C:\\Users\\admin\\Downloads\\lumina-aesthetics-website-development (1)\\drizzle.config.json"
2026-08-16T11:56:44.265272Z  INFO tailwindcss_oxide::scanner: Reading "C:\\Users\\admin\\Downloads\\lumina-aesthetics-website-development (1)\\src\\components\\ScreenshotCrop.tsx"
2026-08-16T11:56:44.265303Z  INFO tailwindcss_oxide::scanner: Reading "C:\\Users\\admin\\Downloads\\lumina-aesthetics-website-development (1)\\src\\components\\Header.tsx"
2026-08-16T11:56:44.265351Z  INFO tailwindcss_oxide::scanner: Reading "C:\\Users\\admin\\Downloads\\lumina-aesthetics-website-development (1)\\src\\components\\Providers.tsx"
2026-08-16T11:56:44.265370Z  INFO tailwindcss_oxide::scanner: Reading "C:\\Users\\admin\\Downloads\\lumina-aesthetics-website-development (1)\\eslint.config.mjs"
2026-08-16T11:56:44.265406Z  INFO tailwindcss_oxide::scanner: Reading "C:\\Users\\admin\\Downloads\\lumina-aesthetics-website-development (1)\\src\\app\\api\\newsletter\\route.ts"
2026-08-16T11:56:44.265415Z  INFO tailwindcss_oxide::scanner: Reading "C:\\Users\\admin\\Downloads\\lumina-aesthetics-website-development (1)\\src\\components\\Services.tsx"
2026-08-16T11:56:44.265465Z  INFO tailwindcss_oxide::scanner: Reading "C:\\Users\\admin\\Downloads\\lumina-aesthetics-website-development (1)\\src\\components\\Hero.tsx"
2026-08-16T11:56:44.265486Z  INFO tailwindcss_oxide::scanner: Reading "C:\\Users\\admin\\Downloads\\lumina-aesthetics-website-development (1)\\src\\components\\Results.tsx"
2026-08-16T11:56:44.265466Z  INFO tailwindcss_oxide::scanner: Reading "C:\\Users\\admin\\Downloads\\lumina-aesthetics-website-development (1)\\netlify.toml"
2026-08-16T11:56:44.265551Z  INFO tailwindcss_oxide::scanner: Reading "C:\\Users\\admin\\Downloads\\lumina-aesthetics-website-development (1)\\src\\app\\blog\\page.tsx"
2026-08-16T11:56:44.265556Z  INFO tailwindcss_oxide::scanner: Reading "C:\\Users\\admin\\Downloads\\lumina-aesthetics-website-development (1)\\src\\components\\Specials.tsx"
2026-08-16T11:56:44.265556Z  INFO tailwindcss_oxide::scanner: Reading "C:\\Users\\admin\\Downloads\\lumina-aesthetics-website-development (1)\\src\\components\\Journal.tsx"
2026-08-16T11:56:44.265616Z  INFO tailwindcss_oxide::scanner: Reading "C:\\Users\\admin\\Downloads\\lumina-aesthetics-website-development (1)\\src\\components\\Reveal.tsx"
2026-08-16T11:56:44.265616Z  INFO tailwindcss_oxide::scanner: Reading "C:\\Users\\admin\\Downloads\\lumina-aesthetics-website-development (1)\\package.json"
2026-08-16T11:56:44.265618Z  INFO tailwindcss_oxide::scanner: Reading "C:\\Users\\admin\\Downloads\\lumina-aesthetics-website-development (1)\\next.config.ts"
2026-08-16T11:56:44.265665Z  INFO tailwindcss_oxide::scanner: Reading "C:\\Users\\admin\\Downloads\\lumina-aesthetics-website-development (1)\\src\\app\\layout.tsx"
2026-08-16T11:56:44.265667Z  INFO tailwindcss_oxide::scanner: Reading "C:\\Users\\admin\\Downloads\\lumina-aesthetics-website-development (1)\\src\\db\\index.ts"
2026-08-16T11:56:44.265720Z  INFO tailwindcss_oxide::scanner: Reading "C:\\Users\\admin\\Downloads\\lumina-aesthetics-website-development (1)\\src\\components\\Reviews.tsx"
2026-08-16T11:56:44.265719Z  INFO tailwindcss_oxide::scanner: Reading "C:\\Users\\admin\\Downloads\\lumina-aesthetics-website-development (1)\\src\\db\\demo-store.ts"
2026-08-16T11:56:44.265754Z  INFO tailwindcss_oxide::scanner: Reading "C:\\Users\\admin\\Downloads\\lumina-aesthetics-website-development (1)\\src\\app\\api\\bookings\\route.ts"
2026-08-16T11:56:44.265744Z  INFO tailwindcss_oxide::scanner: Reading "C:\\Users\\admin\\Downloads\\lumina-aesthetics-website-development (1)\\src\\app\\page.tsx"
2026-08-16T11:56:44.265763Z  INFO tailwindcss_oxide::scanner: Reading "C:\\Users\\admin\\Downloads\\lumina-aesthetics-website-development (1)\\src\\components\\Programs.tsx"
2026-08-16T11:56:44.265784Z  INFO tailwindcss_oxide::scanner: Reading "C:\\Users\\admin\\Downloads\\lumina-aesthetics-website-development (1)\\postcss.config.mjs"
2026-08-16T11:56:44.265811Z  INFO tailwindcss_oxide::scanner: Reading "C:\\Users\\admin\\Downloads\\lumina-aesthetics-website-development (1)\\src\\app\\api\\health\\route.ts"
2026-08-16T11:56:44.265798Z  INFO tailwindcss_oxide::scanner: Reading "C:\\Users\\admin\\Downloads\\lumina-aesthetics-website-development (1)\\src\\db\\schema.ts"
2026-08-16T11:56:44.265797Z  INFO tailwindcss_oxide::scanner: Reading "C:\\Users\\admin\\Downloads\\lumina-aesthetics-website-development (1)\\src\\components\\ApproachSection.tsx"
2026-08-16T11:56:44.265880Z  INFO tailwindcss_oxide::scanner: Reading "C:\\Users\\admin\\Downloads\\lumina-aesthetics-website-development (1)\\src\\components\\BookingModal.tsx"
2026-08-16T11:56:44.265882Z  INFO tailwindcss_oxide::scanner: Reading "C:\\Users\\admin\\Downloads\\lumina-aesthetics-website-development (1)\\tsconfig.json"
2026-08-16T11:56:44.265863Z  INFO tailwindcss_oxide::scanner: Reading "C:\\Users\\admin\\Downloads\\lumina-aesthetics-website-development (1)\\src\\components\\FAQSection.tsx"
2026-08-16T11:56:44.265866Z  INFO tailwindcss_oxide::scanner: Reading "C:\\Users\\admin\\Downloads\\lumina-aesthetics-website-development (1)\\src\\lib\\booking-context.tsx"
2026-08-16T11:56:44.265896Z  INFO tailwindcss_oxide::scanner: Reading "C:\\Users\\admin\\Downloads\\lumina-aesthetics-website-development (1)\\src\\components\\CookieBanner.tsx"
2026-08-16T11:56:44.265850Z  INFO tailwindcss_oxide::scanner: Reading "C:\\Users\\admin\\Downloads\\lumina-aesthetics-website-development (1)\\src\\lib\\booking-options.ts"
2026-08-16T11:56:44.266005Z  INFO tailwindcss_oxide::scanner: Reading "C:\\Users\\admin\\Downloads\\lumina-aesthetics-website-development (1)\\src\\components\\Footer.tsx"
2026-08-16T11:56:44.266085Z  INFO extract_candidates:read_all_files: tailwindcss_oxide::scanner: exit
2026-08-16T11:56:44.266104Z  INFO extract_candidates:parse_all_blobs: tailwindcss_oxide::scanner: enter
2026-08-16T11:56:44.266111Z  INFO extract_candidates:parse_all_blobs:extract: tailwindcss_oxide::scanner: enter
2026-08-16T11:56:44.267777Z  INFO extract_candidates:parse_all_blobs:extract: tailwindcss_oxide::scanner: exit
2026-08-16T11:56:44.267954Z  INFO extract_candidates:parse_all_blobs: tailwindcss_oxide::scanner: exit
2026-08-16T11:56:44.267984Z  INFO extract_candidates:read_all_files: tailwindcss_oxide::scanner: enter
2026-08-16T11:56:44.268001Z  INFO extract_candidates:read_all_files: tailwindcss_oxide::scanner: Reading 1 file(s)
2026-08-16T11:56:44.268161Z  INFO extract_candidates:read_all_files: tailwindcss_oxide::scanner: Reading "C:\\Users\\admin\\Downloads\\lumina-aesthetics-website-development (1)\\src\\app\\globals.css"
2026-08-16T11:56:44.268241Z  INFO extract_candidates:read_all_files: tailwindcss_oxide::scanner: exit
2026-08-16T11:56:44.268261Z  INFO extract_candidates:extract_css_variables: tailwindcss_oxide::scanner: enter
2026-08-16T11:56:44.268269Z  INFO extract_candidates:extract_css_variables:extract: tailwindcss_oxide::scanner: enter
2026-08-16T11:56:44.268402Z  INFO extract_candidates:extract_css_variables:extract: tailwindcss_oxide::scanner: exit
2026-08-16T11:56:44.268425Z  INFO extract_candidates:extract_css_variables: tailwindcss_oxide::scanner: exit
2026-08-16T11:56:44.269102Z  INFO extract_candidates: tailwindcss_oxide::scanner: exit
2026-08-16T11:56:44.269924Z  INFO get_files: tailwindcss_oxide::scanner: enter
2026-08-16T11:56:44.269942Z  INFO get_files:scan_sources: tailwindcss_oxide::scanner: enter
2026-08-16T11:56:44.272267Z  INFO get_files:scan_sources: tailwindcss_oxide::scanner: Discovering "C:\\Users\\admin\\Downloads\\lumina-aesthetics-website-development (1)\\public"
2026-08-16T11:56:44.272445Z  INFO get_files:scan_sources: tailwindcss_oxide::scanner: Discovering "C:\\Users\\admin\\Downloads\\lumina-aesthetics-website-development (1)\\public\\reference"
2026-08-16T11:56:44.272677Z  INFO get_files:scan_sources: tailwindcss_oxide::scanner: Discovering "C:\\Users\\admin\\Downloads\\lumina-aesthetics-website-development (1)\\src"
2026-08-16T11:56:44.272854Z  INFO get_files:scan_sources: tailwindcss_oxide::scanner: Discovering "C:\\Users\\admin\\Downloads\\lumina-aesthetics-website-development (1)\\src\\app"
2026-08-16T11:56:44.273020Z  INFO get_files:scan_sources: tailwindcss_oxide::scanner: Discovering "C:\\Users\\admin\\Downloads\\lumina-aesthetics-website-development (1)\\src\\app\\api"
2026-08-16T11:56:44.273196Z  INFO get_files:scan_sources: tailwindcss_oxide::scanner: Discovering "C:\\Users\\admin\\Downloads\\lumina-aesthetics-website-development (1)\\src\\app\\api\\bookings"
2026-08-16T11:56:44.273431Z  INFO get_files:scan_sources: tailwindcss_oxide::scanner: Discovering "C:\\Users\\admin\\Downloads\\lumina-aesthetics-website-development (1)\\src\\app\\api\\health"
2026-08-16T11:56:44.273656Z  INFO get_files:scan_sources: tailwindcss_oxide::scanner: Discovering "C:\\Users\\admin\\Downloads\\lumina-aesthetics-website-development (1)\\src\\app\\api\\newsletter"
2026-08-16T11:56:44.273903Z  INFO get_files:scan_sources: tailwindcss_oxide::scanner: Discovering "C:\\Users\\admin\\Downloads\\lumina-aesthetics-website-development (1)\\src\\app\\blog"
2026-08-16T11:56:44.274269Z  INFO get_files:scan_sources: tailwindcss_oxide::scanner: Discovering "C:\\Users\\admin\\Downloads\\lumina-aesthetics-website-development (1)\\src\\components"
2026-08-16T11:56:44.275017Z  INFO get_files:scan_sources: tailwindcss_oxide::scanner: Discovering "C:\\Users\\admin\\Downloads\\lumina-aesthetics-website-development (1)\\src\\db"
2026-08-16T11:56:44.275305Z  INFO get_files:scan_sources: tailwindcss_oxide::scanner: Discovering "C:\\Users\\admin\\Downloads\\lumina-aesthetics-website-development (1)\\src\\lib"
2026-08-16T11:56:44.275601Z  INFO get_files:scan_sources: tailwindcss_oxide::scanner: exit
2026-08-16T11:56:44.275738Z  INFO get_files: tailwindcss_oxide::scanner: exit
2026-08-16T11:56:44.276295Z  INFO get_globs: tailwindcss_oxide::scanner: enter
2026-08-16T11:56:44.276328Z  INFO get_globs:scan_sources: tailwindcss_oxide::scanner: enter
2026-08-16T11:56:44.278384Z  INFO get_globs:scan_sources: tailwindcss_oxide::scanner: Discovering "C:\\Users\\admin\\Downloads\\lumina-aesthetics-website-development (1)\\public"
2026-08-16T11:56:44.278557Z  INFO get_globs:scan_sources: tailwindcss_oxide::scanner: Discovering "C:\\Users\\admin\\Downloads\\lumina-aesthetics-website-development (1)\\public\\reference"
2026-08-16T11:56:44.278794Z  INFO get_globs:scan_sources: tailwindcss_oxide::scanner: Discovering "C:\\Users\\admin\\Downloads\\lumina-aesthetics-website-development (1)\\src"
2026-08-16T11:56:44.278955Z  INFO get_globs:scan_sources: tailwindcss_oxide::scanner: Discovering "C:\\Users\\admin\\Downloads\\lumina-aesthetics-website-development (1)\\src\\app"
2026-08-16T11:56:44.279123Z  INFO get_globs:scan_sources: tailwindcss_oxide::scanner: Discovering "C:\\Users\\admin\\Downloads\\lumina-aesthetics-website-development (1)\\src\\app\\api"
2026-08-16T11:56:44.279290Z  INFO get_globs:scan_sources: tailwindcss_oxide::scanner: Discovering "C:\\Users\\admin\\Downloads\\lumina-aesthetics-website-development (1)\\src\\app\\api\\bookings"
2026-08-16T11:56:44.279539Z  INFO get_globs:scan_sources: tailwindcss_oxide::scanner: Discovering "C:\\Users\\admin\\Downloads\\lumina-aesthetics-website-development (1)\\src\\app\\api\\health"
2026-08-16T11:56:44.279828Z  INFO get_globs:scan_sources: tailwindcss_oxide::scanner: Discovering "C:\\Users\\admin\\Downloads\\lumina-aesthetics-website-development (1)\\src\\app\\api\\newsletter"
2026-08-16T11:56:44.280082Z  INFO get_globs:scan_sources: tailwindcss_oxide::scanner: Discovering "C:\\Users\\admin\\Downloads\\lumina-aesthetics-website-development (1)\\src\\app\\blog"
2026-08-16T11:56:44.280426Z  INFO get_globs:scan_sources: tailwindcss_oxide::scanner: Discovering "C:\\Users\\admin\\Downloads\\lumina-aesthetics-website-development (1)\\src\\components"
2026-08-16T11:56:44.281136Z  INFO get_globs:scan_sources: tailwindcss_oxide::scanner: Discovering "C:\\Users\\admin\\Downloads\\lumina-aesthetics-website-development (1)\\src\\db"
2026-08-16T11:56:44.281516Z  INFO get_globs:scan_sources: tailwindcss_oxide::scanner: Discovering "C:\\Users\\admin\\Downloads\\lumina-aesthetics-website-development (1)\\src\\lib"
2026-08-16T11:56:44.281861Z  INFO get_globs:scan_sources: tailwindcss_oxide::scanner: exit
2026-08-16T11:56:44.290166Z  INFO get_globs: tailwindcss_oxide::scanner: exit
